/priv/avatar/cche/azp-agent-in-docker-cuda/azp-agent-avatargpu/regression-tests/amrex/Tools/Plotfile//fcompare.gnu.ex --abort_if_not_all_found -n 0 --rel_tol 0.002 /priv/avatar/cche/azp-agent-in-docker-cuda/azp-agent-avatargpu/regression-tests/quokka-benchmarks/DiskGalaxy-GPU_plt0000300 DiskGalaxy-GPU_plt0000300

            variable name            absolute error            relative error
                                        (||A - B||)         (||A - B||/||A||)
 ----------------------------------------------------------------------------
 level = 0
 gasDensity                         2.219315815e-27             0.02098097519
 x-GasMomentum                      3.091010108e-20             0.02279368886
 y-GasMomentum                       3.84678525e-20             0.02502280128
 z-GasMomentum                      3.255040218e-21             0.02554311635
 gasEnergy                           5.30987983e-13             0.02219067769
 gasInternalEnergy                  1.351322942e-13             0.02436724172
 scalar_0                           2.266954232e-37             0.01222147911
 x-BField                             3.4147744e-11             0.01928831048
 y-BField                           3.706764765e-11             0.01927937769
 z-BField                           9.227476844e-12             0.03059161481
 particle.CIC.mass_density           1.978109846e-27            0.001416435921
 particle.StochasticStellarPop.birth_mass_density                         0                         0
 level = 1
 gasDensity                         1.142727404e-26             0.02028776737
 x-GasMomentum                      1.699720281e-19             0.02349021556
 y-GasMomentum                      1.424992692e-19             0.02192196611
 z-GasMomentum                      2.137035851e-20              0.0295111634
 gasEnergy                          2.146542932e-12              0.0199516139
 gasInternalEnergy                  5.273623909e-13             0.02236655169
 scalar_0                           6.879061616e-37             0.02489349938
 x-BField                           1.203015489e-10             0.01801430124
 y-BField                           1.117073731e-10             0.01739207105
 z-BField                           3.563772716e-11              0.0453834837
 particle.CIC.mass_density           1.832928842e-26            0.003190228855
 particle.StochasticStellarPop.birth_mass_density                         0                         0
 level = 2
 gasDensity                         2.673559977e-26             0.01390636783
 x-GasMomentum                      5.199745806e-19             0.02422353942
 y-GasMomentum                      5.032745676e-19             0.02289777596
 z-GasMomentum                      6.220391864e-20             0.01751503402
 gasEnergy                          5.810973732e-12             0.02213290449
 gasInternalEnergy                  1.315001161e-12             0.01930241317
 scalar_0                           1.830529603e-36              0.0265270509
 x-BField                           5.840046142e-10              0.0315996287
 y-BField                           3.426154562e-10             0.01870434939
 z-BField                           2.143152688e-10               0.130384154
 particle.CIC.mass_density           8.299502598e-26            0.004337025935
 particle.StochasticStellarPop.birth_mass_density                         0                         0
 level = 3
 gasDensity                         7.410796899e-26             0.01267664522
 x-GasMomentum                      1.273673418e-18             0.02257919741
 y-GasMomentum                      1.743119176e-18             0.03117693946
 z-GasMomentum                      3.021943578e-19             0.01589489527
 gasEnergy                          1.998634655e-11             0.03534630971
 gasInternalEnergy                  6.100481672e-12             0.03784371142
 scalar_0                           1.226303374e-35             0.07615793915
 x-BField                           1.717262807e-09             0.03330108642
 y-BField                           1.066609611e-09             0.01745637457
 z-BField                           3.215910962e-10              0.1028421024
 particle.CIC.mass_density           5.377805666e-25            0.008935466041
 particle.StochasticStellarPop.birth_mass_density                         0                         0
 level = 4
 gasDensity                         3.586754885e-25             0.01305456428
 x-GasMomentum                      3.466305828e-18             0.01635074604
 y-GasMomentum                      4.374288298e-18             0.01910147998
 z-GasMomentum                      2.516844811e-18             0.02225850451
 gasEnergy                          4.896361986e-11             0.03206696878
 gasInternalEnergy                  3.009416937e-11             0.07497222373
 scalar_0                           2.573487266e-35             0.04179367253
 x-BField                           3.887813021e-09              0.0335633978
 y-BField                           3.112818198e-09             0.02088447516
 z-BField                           5.012432496e-10              0.1328619629
 particle.CIC.mass_density           3.263061195e-24             0.01751605554
 particle.StochasticStellarPop.birth_mass_density                         0                         0
 level = 5
 gasDensity                         2.043256926e-24             0.01941565535
 x-GasMomentum                      1.514281152e-17             0.02532380588
 y-GasMomentum                       2.31468493e-17             0.03523381723
 z-GasMomentum                      1.091887906e-17             0.02411869602
 gasEnergy                          1.146610866e-10             0.04230651296
 gasInternalEnergy                  1.125778586e-10              0.5146451267
 scalar_0                           6.400190985e-35             0.02875392897
 x-BField                           1.291566875e-08              0.0538910855
 y-BField                           1.384621156e-08             0.05199833108
 z-BField                           6.194476738e-10             0.09458570634
 particle.CIC.mass_density           1.836088412e-23             0.04041780355
 particle.StochasticStellarPop.birth_mass_density                         0                         0
/priv/avatar/cche/azp-agent-in-docker-cuda/azp-agent-avatargpu/regression-tests/amrex/Tools/Postprocessing/C_Src//particle_compare.exe --rel_tol 0.02 /priv/avatar/cche/azp-agent-in-docker-cuda/azp-agent-avatargpu/regression-tests/quokka-benchmarks/DiskGalaxy-GPU_plt0000300 DiskGalaxy-GPU_plt0000300 CIC_particles
FAIL - Particle data headers do not agree. 
/priv/avatar/cche/azp-agent-in-docker-cuda/azp-agent-avatargpu/regression-tests/amrex/Tools/Postprocessing/C_Src//particle_compare.exe --rel_tol 0.02 /priv/avatar/cche/azp-agent-in-docker-cuda/azp-agent-avatargpu/regression-tests/quokka-benchmarks/DiskGalaxy-GPU_plt0000300 DiskGalaxy-GPU_plt0000300 StochasticStellarPop_particles

-----------------------------------------------------------------------
StochasticStellarPop_particles
StochasticStellarPop_particles_position_x0.00000000e+00        0.00000000e+00        
StochasticStellarPop_particles_position_y0.00000000e+00        0.00000000e+00        
StochasticStellarPop_particles_position_z0.00000000e+00        0.00000000e+00        
StochasticStellarPop_particles_mass 0.00000000e+00        0.00000000e+00        
StochasticStellarPop_particles_vx   0.00000000e+00        0.00000000e+00        
StochasticStellarPop_particles_vy   0.00000000e+00        0.00000000e+00        
StochasticStellarPop_particles_vz   0.00000000e+00        0.00000000e+00        
StochasticStellarPop_particles_birth_time0.00000000e+00        0.00000000e+00        
StochasticStellarPop_particles_death_time0.00000000e+00        0.00000000e+00        
StochasticStellarPop_particles_birth_x0.00000000e+00        0.00000000e+00        
StochasticStellarPop_particles_birth_y0.00000000e+00        0.00000000e+00        
StochasticStellarPop_particles_birth_z0.00000000e+00        0.00000000e+00        
StochasticStellarPop_particles_death_x0.00000000e+00        0.00000000e+00        
StochasticStellarPop_particles_death_y0.00000000e+00        0.00000000e+00        
StochasticStellarPop_particles_death_z0.00000000e+00        0.00000000e+00        
StochasticStellarPop_particles_death_density0.00000000e+00        0.00000000e+00        
StochasticStellarPop_particles_mass_at_birth0.00000000e+00        0.00000000e+00        
StochasticStellarPop_particles_luminosity_00.00000000e+00        0.00000000e+00        
StochasticStellarPop_particles_id   0.00000000e+00        0.00000000e+00        
StochasticStellarPop_particles_cpu  0.00000000e+00        0.00000000e+00        
StochasticStellarPop_particles_evolution_stage0.00000000e+00        0.00000000e+00        

 PARTICLES AGREE to relative tolerance 0.02
