/priv/avatar/cche/azp-agent-in-docker-cuda/azp-agent-avatargpu/regression-tests/amrex/Tools/Plotfile//fcompare.gnu.ex --abort_if_not_all_found -n 0 --rel_tol 0.002 /priv/avatar/cche/azp-agent-in-docker-cuda/azp-agent-avatargpu/regression-tests/quokka-benchmarks/DiskGalaxy-GPU_plt0000300 DiskGalaxy-GPU_plt0000300

            variable name            absolute error            relative error
                                        (||A - B||)         (||A - B||/||A||)
 ----------------------------------------------------------------------------
 level = 0
 gasDensity                         2.216765954e-27             0.02095686931
 x-GasMomentum                      3.091197087e-20             0.02279506767
 y-GasMomentum                      3.846299158e-20             0.02501963931
 z-GasMomentum                      3.255561141e-21             0.02554720417
 gasEnergy                           5.30900344e-13             0.02218701514
 gasInternalEnergy                  1.350639952e-13             0.02435492595
 scalar_0                           2.266660338e-37             0.01221989468
 x-BField                           3.410607074e-11             0.01926477139
 y-BField                           3.704321231e-11             0.01926666855
 z-BField                           9.222483568e-12             0.03057506073
 particle.CIC.mass_density           1.970655173e-27            0.001411097963
 particle.StochasticStellarPop.birth_mass_density                         0                         0
 level = 1
 gasDensity                         1.143216905e-26             0.02029645789
 x-GasMomentum                      1.699648117e-19             0.02348921825
 y-GasMomentum                      1.423984013e-19             0.02190644867
 z-GasMomentum                      2.122791878e-20             0.02931446281
 gasEnergy                          2.146046781e-12             0.01994700229
 gasInternalEnergy                  5.260247087e-13             0.02230981776
 scalar_0                           6.881189646e-37             0.02490120016
 x-BField                           1.201075531e-10             0.01798525176
 y-BField                           1.116166533e-10             0.01737794659
 z-BField                           3.563010028e-11             0.04537377112
 particle.CIC.mass_density           1.827840684e-26            0.003181372871
 particle.StochasticStellarPop.birth_mass_density                         0                         0
 level = 2
 gasDensity                         2.654582501e-26             0.01380765759
 x-GasMomentum                      5.200611283e-19             0.02422757133
 y-GasMomentum                      5.031493966e-19             0.02289208098
 z-GasMomentum                      6.222279578e-20             0.01752034934
 gasEnergy                           5.81076695e-12              0.0221321169
 gasInternalEnergy                  1.312108012e-12              0.0192599457
 scalar_0                           1.831221814e-36             0.02653708206
 x-BField                           5.839248017e-10             0.03159531017
 y-BField                           3.425973419e-10             0.01870336048
 z-BField                           2.143912575e-10              0.1304303836
 particle.CIC.mass_density           8.320370837e-26            0.004347930937
 particle.StochasticStellarPop.birth_mass_density                         0                         0
 level = 3
 gasDensity                         7.413835482e-26             0.01268184291
 x-GasMomentum                      1.274300346e-18             0.02259031135
 y-GasMomentum                      1.743903149e-18             0.03119096138
 z-GasMomentum                      3.003436391e-19              0.0157975507
 gasEnergy                          1.999675652e-11             0.03536471999
 gasInternalEnergy                  6.115844194e-12             0.03793901124
 scalar_0                           1.226333813e-35             0.07615982954
 x-BField                           1.717096207e-09             0.03329785572
 y-BField                           1.065184264e-09             0.01743304701
 z-BField                           3.216726957e-10              0.1028681973
 particle.CIC.mass_density           5.464437407e-25            0.009079408576
 particle.StochasticStellarPop.birth_mass_density                         0                         0
 level = 4
 gasDensity                         3.542321204e-25             0.01289284084
 x-GasMomentum                      3.440955873e-18             0.01623116898
 y-GasMomentum                      4.375438505e-18             0.01910650266
 z-GasMomentum                      2.501184937e-18             0.02212001151
 gasEnergy                          4.898096498e-11             0.03207832835
 gasInternalEnergy                  3.010606462e-11             0.07500185783
 scalar_0                           2.573520486e-35             0.04179421203
 x-BField                           3.888950217e-09             0.03357321519
 y-BField                            3.11338194e-09             0.02088825741
 z-BField                           5.013366067e-10              0.1328867086
 particle.CIC.mass_density           3.287745887e-24             0.01764856254
 particle.StochasticStellarPop.birth_mass_density                         0                         0
 level = 5
 gasDensity                         2.017060693e-24              0.0191667307
 x-GasMomentum                      1.514359789e-17             0.02532512095
 y-GasMomentum                      2.326639147e-17             0.03541578268
 z-GasMomentum                       1.09216783e-17             0.02412487925
 gasEnergy                          1.146930139e-10              0.0423182932
 gasInternalEnergy                   1.12570899e-10              0.5146133115
 scalar_0                           6.400289384e-35             0.02875437105
 x-BField                           1.291647694e-08             0.05389445769
 y-BField                           1.385038584e-08             0.05201400725
 z-BField                           6.195150027e-10             0.09459598705
 particle.CIC.mass_density           1.835664104e-23             0.04040846327
 particle.StochasticStellarPop.birth_mass_density                         0                         0
/priv/avatar/cche/azp-agent-in-docker-cuda/azp-agent-avatargpu/regression-tests/amrex/Tools/Postprocessing/C_Src//particle_compare.exe --rel_tol 0.02 /priv/avatar/cche/azp-agent-in-docker-cuda/azp-agent-avatargpu/regression-tests/quokka-benchmarks/DiskGalaxy-GPU_plt0000300 DiskGalaxy-GPU_plt0000300 CIC_particles
FAIL - Particle data headers do not agree. 
/priv/avatar/cche/azp-agent-in-docker-cuda/azp-agent-avatargpu/regression-tests/amrex/Tools/Postprocessing/C_Src//particle_compare.exe --rel_tol 0.02 /priv/avatar/cche/azp-agent-in-docker-cuda/azp-agent-avatargpu/regression-tests/quokka-benchmarks/DiskGalaxy-GPU_plt0000300 DiskGalaxy-GPU_plt0000300 StochasticStellarPop_particles

-----------------------------------------------------------------------
StochasticStellarPop_particles
StochasticStellarPop_particles_position_x0.00000000e+00        0.00000000e+00        
StochasticStellarPop_particles_position_y0.00000000e+00        0.00000000e+00        
StochasticStellarPop_particles_position_z0.00000000e+00        0.00000000e+00        
StochasticStellarPop_particles_mass 0.00000000e+00        0.00000000e+00        
StochasticStellarPop_particles_vx   0.00000000e+00        0.00000000e+00        
StochasticStellarPop_particles_vy   0.00000000e+00        0.00000000e+00        
StochasticStellarPop_particles_vz   0.00000000e+00        0.00000000e+00        
StochasticStellarPop_particles_birth_time0.00000000e+00        0.00000000e+00        
StochasticStellarPop_particles_death_time0.00000000e+00        0.00000000e+00        
StochasticStellarPop_particles_birth_x0.00000000e+00        0.00000000e+00        
StochasticStellarPop_particles_birth_y0.00000000e+00        0.00000000e+00        
StochasticStellarPop_particles_birth_z0.00000000e+00        0.00000000e+00        
StochasticStellarPop_particles_death_x0.00000000e+00        0.00000000e+00        
StochasticStellarPop_particles_death_y0.00000000e+00        0.00000000e+00        
StochasticStellarPop_particles_death_z0.00000000e+00        0.00000000e+00        
StochasticStellarPop_particles_death_density0.00000000e+00        0.00000000e+00        
StochasticStellarPop_particles_mass_at_birth0.00000000e+00        0.00000000e+00        
StochasticStellarPop_particles_luminosity_00.00000000e+00        0.00000000e+00        
StochasticStellarPop_particles_id   0.00000000e+00        0.00000000e+00        
StochasticStellarPop_particles_cpu  0.00000000e+00        0.00000000e+00        
StochasticStellarPop_particles_evolution_stage0.00000000e+00        0.00000000e+00        

 PARTICLES AGREE to relative tolerance 0.02
